2026-07-26 21:28:36,835 INFO config=D:\Users\xuanmo0205\Desktop\funasr-command-recognition\funasr_project\configs\p2\tse_smoke.yaml lengths=[160, 16000, 57600, 160000] device=auto
2026-07-26 21:28:36,835 INFO torch=2.13.0+cpu cuda_available=False
2026-07-26 21:28:36,849 INFO [cpu] 参数量 1349634
2026-07-26 21:28:36,880 ERROR [cpu] 设备通道异常:
Traceback (most recent call last):
  File "D:\Users\xuanmo0205\Desktop\funasr-command-recognition\funasr_project\tests\p2\smoke_tse_random.py", line 178, in run_device_pass
    tier = run_length_tier(model, cfg, T, device)
  File "D:\Users\xuanmo0205\Desktop\funasr-command-recognition\funasr_project\tests\p2\smoke_tse_random.py", line 81, in run_length_tier
    s_tgt, s_res = model(x, e)
  File "D:\python\lib\site-packages\torch\nn\modules\module.py", line 1778, in _wrapped_call_impl
    return self._call_impl(*args, **kwargs)
  File "D:\python\lib\site-packages\torch\nn\modules\module.py", line 1789, in _call_impl
    return forward_call(*args, **kwargs)
  File "D:\Users\xuanmo0205\Desktop\funasr-command-recognition\funasr_project\src\tse\model.py", line 92, in forward
    return self._apply_consistency_projection(s_tgt, s_res, mix_wav)
  File "D:\Users\xuanmo0205\Desktop\funasr-command-recognition\funasr_project\src\tse\model.py", line 107, in _apply_consistency_projection
    e = x - s_tgt - s_res
RuntimeError: The size of tensor a (512) must match the size of tensor b (160) at non-singleton dimension 1

2026-07-26 21:28:36,883 INFO absent_zero_loss 单元检查 PASS
2026-07-26 21:28:36,885 INFO 报告已写入 D:\Users\xuanmo0205\Desktop\funasr-command-recognition\funasr_project\reports\smoke\tse_random_forward.json
2026-07-26 21:28:36,886 INFO 总体判定: FAIL
2026-07-26 21:29:46,923 INFO config=D:\Users\xuanmo0205\Desktop\funasr-command-recognition\funasr_project\configs\p2\tse_smoke.yaml lengths=[160, 16000, 57600, 160000] device=auto
2026-07-26 21:29:46,923 INFO torch=2.13.0+cpu cuda_available=False
2026-07-26 21:29:46,932 INFO [cpu] 参数量 1349634
2026-07-26 21:29:46,962 INFO [cpu] T=160 PASS losses={'si_sdr_db': 38.7347, 'res_l1': 0.004733, 'mix': 0.0, 'total': -38.7324}
2026-07-26 21:29:46,988 INFO [cpu] T=16000 PASS losses={'si_sdr_db': 33.7561, 'res_l1': 0.008177, 'mix': 0.0, 'total': -33.752}
2026-07-26 21:29:47,028 INFO [cpu] T=57600 PASS losses={'si_sdr_db': 34.061, 'res_l1': 0.00791, 'mix': 0.0, 'total': -34.0571}
2026-07-26 21:29:47,107 INFO [cpu] T=160000 PASS losses={'si_sdr_db': 34.1965, 'res_l1': 0.007788, 'mix': 0.0, 'total': -34.1926}
2026-07-26 21:29:47,116 INFO [cpu] a_stability_zero_input PASS max|s|=0.000e+00
2026-07-26 21:29:47,116 INFO [cpu] a_stability_tiny_input PASS max|s|=1.986e-08
2026-07-26 21:29:47,116 INFO [cpu] a_reject_nan_input PASS command_wav 含 NaN/Inf
2026-07-26 21:29:47,116 INFO [cpu] a_reject_wrong_emb_dim PASS embedding 维度错误: 期望 192，得到 193
2026-07-26 21:29:47,116 INFO [cpu] a_reject_empty_input PASS command_wav 为空数组
2026-07-26 21:29:47,117 INFO absent_zero_loss 单元检查 PASS
2026-07-26 21:29:47,120 INFO 报告已写入 D:\Users\xuanmo0205\Desktop\funasr-command-recognition\funasr_project\reports\smoke\tse_random_forward.json
2026-07-26 21:29:47,121 INFO 总体判定: PASS
2026-07-27 17:15:42,641 INFO config=D:\Users\xuanmo0205\Desktop\funasr-command-recognition\funasr_project\configs\p2\tse_smoke.yaml lengths=[160, 16000, 57600, 160000] device=auto
2026-07-27 17:15:42,660 INFO torch=2.7.1+cu126 cuda_available=True
2026-07-27 17:15:42,673 INFO [cpu] 参数量 1349634
2026-07-27 17:15:42,714 INFO [cpu] T=160 PASS losses={'si_sdr_db': 38.7347, 'res_l1': 0.004733, 'mix': 0.0, 'total': -38.7324}
2026-07-27 17:15:42,768 INFO [cpu] T=16000 PASS losses={'si_sdr_db': 33.7561, 'res_l1': 0.008177, 'mix': 0.0, 'total': -33.752}
2026-07-27 17:15:42,903 INFO [cpu] T=57600 PASS losses={'si_sdr_db': 34.061, 'res_l1': 0.00791, 'mix': 0.0, 'total': -34.0571}
2026-07-27 17:15:43,237 INFO [cpu] T=160000 PASS losses={'si_sdr_db': 34.1965, 'res_l1': 0.007788, 'mix': 0.0, 'total': -34.1926}
2026-07-27 17:15:43,272 INFO [cpu] a_stability_zero_input PASS max|s|=0.000e+00
2026-07-27 17:15:43,273 INFO [cpu] a_stability_tiny_input PASS max|s|=1.986e-08
2026-07-27 17:15:43,273 INFO [cpu] a_reject_nan_input PASS command_wav 含 NaN/Inf
2026-07-27 17:15:43,273 INFO [cpu] a_reject_wrong_emb_dim PASS embedding 维度错误: 期望 192，得到 193
2026-07-27 17:15:43,273 INFO [cpu] a_reject_empty_input PASS command_wav 为空数组
2026-07-27 17:15:43,488 INFO [cuda] 参数量 1349634
2026-07-27 17:15:44,238 INFO [cuda] T=160 PASS losses={'si_sdr_db': 38.6489, 'res_l1': 0.004547, 'mix': 0.0, 'total': -38.6466}
2026-07-27 17:15:44,332 INFO [cuda] T=16000 PASS losses={'si_sdr_db': 34.1976, 'res_l1': 0.007813, 'mix': 0.0, 'total': -34.1936}
2026-07-27 17:15:44,420 INFO [cuda] T=57600 PASS losses={'si_sdr_db': 34.1882, 'res_l1': 0.00781, 'mix': 0.0, 'total': -34.1843}
2026-07-27 17:15:44,563 INFO [cuda] T=160000 PASS losses={'si_sdr_db': 33.8402, 'res_l1': 0.008095, 'mix': 0.0, 'total': -33.8361}
2026-07-27 17:15:44,577 INFO [cuda] a_stability_zero_input PASS max|s|=0.000e+00
2026-07-27 17:15:44,578 INFO [cuda] a_stability_tiny_input PASS max|s|=2.075e-08
2026-07-27 17:15:44,578 INFO [cuda] a_reject_nan_input PASS command_wav 含 NaN/Inf
2026-07-27 17:15:44,578 INFO [cuda] a_reject_wrong_emb_dim PASS embedding 维度错误: 期望 192，得到 193
2026-07-27 17:15:44,578 INFO [cuda] a_reject_empty_input PASS command_wav 为空数组
2026-07-27 17:15:44,578 INFO [cuda] 峰值显存 0.06 GB（预算 6 GB）PASS
2026-07-27 17:15:44,579 INFO absent_zero_loss 单元检查 PASS
2026-07-27 17:15:44,590 INFO 报告已写入 D:\Users\xuanmo0205\Desktop\funasr-command-recognition\funasr_project\reports\smoke\tse_random_forward.json
2026-07-27 17:15:44,590 INFO 总体判定: PASS
2026-07-27 17:17:59,620 INFO config=D:\Users\xuanmo0205\Desktop\funasr-command-recognition\funasr_project\configs\p2\tse_smoke.yaml lengths=[160, 16000, 57600, 160000] device=auto
2026-07-27 17:17:59,647 INFO torch=2.7.1+cu126 cuda_available=True
2026-07-27 17:17:59,656 INFO [cpu] 参数量 1349634
2026-07-27 17:17:59,697 INFO [cpu] T=160 PASS losses={'si_sdr_db': 38.7347, 'res_l1': 0.004733, 'mix': 0.0, 'total': -38.7324}
2026-07-27 17:17:59,737 INFO [cpu] T=16000 PASS losses={'si_sdr_db': 33.7561, 'res_l1': 0.008177, 'mix': 0.0, 'total': -33.752}
2026-07-27 17:17:59,847 INFO [cpu] T=57600 PASS losses={'si_sdr_db': 34.061, 'res_l1': 0.00791, 'mix': 0.0, 'total': -34.0571}
2026-07-27 17:18:00,105 INFO [cpu] T=160000 PASS losses={'si_sdr_db': 34.1965, 'res_l1': 0.007788, 'mix': 0.0, 'total': -34.1926}
2026-07-27 17:18:00,129 INFO [cpu] a_stability_zero_input PASS max|s|=0.000e+00
2026-07-27 17:18:00,129 INFO [cpu] a_stability_tiny_input PASS max|s|=1.986e-08
2026-07-27 17:18:00,129 INFO [cpu] a_reject_nan_input PASS command_wav 含 NaN/Inf
2026-07-27 17:18:00,129 INFO [cpu] a_reject_wrong_emb_dim PASS embedding 维度错误: 期望 192，得到 193
2026-07-27 17:18:00,129 INFO [cpu] a_reject_empty_input PASS command_wav 为空数组
2026-07-27 17:18:00,273 INFO [cuda] 参数量 1349634
2026-07-27 17:18:00,632 INFO [cuda] T=160 PASS losses={'si_sdr_db': 38.6489, 'res_l1': 0.004547, 'mix': 0.0, 'total': -38.6466}
2026-07-27 17:18:00,688 INFO [cuda] T=16000 PASS losses={'si_sdr_db': 34.1976, 'res_l1': 0.007813, 'mix': 0.0, 'total': -34.1936}
2026-07-27 17:18:00,735 INFO [cuda] T=57600 PASS losses={'si_sdr_db': 34.1882, 'res_l1': 0.00781, 'mix': 0.0, 'total': -34.1843}
2026-07-27 17:18:00,832 INFO [cuda] T=160000 PASS losses={'si_sdr_db': 33.8402, 'res_l1': 0.008095, 'mix': 0.0, 'total': -33.8361}
2026-07-27 17:18:00,844 INFO [cuda] a_stability_zero_input PASS max|s|=0.000e+00
2026-07-27 17:18:00,844 INFO [cuda] a_stability_tiny_input PASS max|s|=2.075e-08
2026-07-27 17:18:00,845 INFO [cuda] a_reject_nan_input PASS command_wav 含 NaN/Inf
2026-07-27 17:18:00,845 INFO [cuda] a_reject_wrong_emb_dim PASS embedding 维度错误: 期望 192，得到 193
2026-07-27 17:18:00,845 INFO [cuda] a_reject_empty_input PASS command_wav 为空数组
2026-07-27 17:18:00,845 INFO [cuda] 峰值显存 0.06 GB（预算 6 GB）PASS
2026-07-27 17:18:00,846 INFO absent_zero_loss 单元检查 PASS
2026-07-27 17:18:00,849 INFO 报告已写入 D:\Users\xuanmo0205\Desktop\funasr-command-recognition\funasr_project\reports\smoke\tse_random_forward.json
2026-07-27 17:18:00,849 INFO 总体判定: PASS
