Looking in indexes: https://pypi.tuna.tsinghua.edu.cn/simple
Collecting torch==2.7.1
  Using cached https://pypi.tuna.tsinghua.edu.cn/packages/f9/91/3d709cfc5e15995fb3fe7a6b564ce42280d3a55676dad672205e94f34ac9/torch-2.7.1-cp310-cp310-win_amd64.whl (216.1 MB)
Requirement already satisfied: pyyaml in d:\users\xuanmo0205\desktop\funasr-command-recognition\funasr_project\.venv-p2tse\lib\site-packages (6.0.3)
Requirement already satisfied: numpy in d:\users\xuanmo0205\desktop\funasr-command-recognition\funasr_project\.venv-p2tse\lib\site-packages (2.2.6)
Collecting soundfile
  Using cached https://pypi.tuna.tsinghua.edu.cn/packages/ed/97/b39c18ac1df45e755ca22b8b00e872929da5d107998a207a5e4ac831bfda/soundfile-0.14.0-py2.py3-none-win_amd64.whl (1.0 MB)
Collecting pytest
  Using cached https://pypi.tuna.tsinghua.edu.cn/packages/24/25/1de2678b631f5a49215c6c96fff41ba892b0a34df68d6d80292b1b48aa7f/pytest-9.1.1-py3-none-any.whl (386 kB)
Requirement already satisfied: filelock in d:\users\xuanmo0205\desktop\funasr-command-recognition\funasr_project\.venv-p2tse\lib\site-packages (from torch==2.7.1) (3.32.0)
Requirement already satisfied: typing-extensions>=4.10.0 in d:\users\xuanmo0205\desktop\funasr-command-recognition\funasr_project\.venv-p2tse\lib\site-packages (from torch==2.7.1) (4.16.0)
Requirement already satisfied: networkx in d:\users\xuanmo0205\desktop\funasr-command-recognition\funasr_project\.venv-p2tse\lib\site-packages (from torch==2.7.1) (3.4.2)
Requirement already satisfied: jinja2 in d:\users\xuanmo0205\desktop\funasr-command-recognition\funasr_project\.venv-p2tse\lib\site-packages (from torch==2.7.1) (3.1.6)
Requirement already satisfied: fsspec in d:\users\xuanmo0205\desktop\funasr-command-recognition\funasr_project\.venv-p2tse\lib\site-packages (from torch==2.7.1) (2026.6.0)
Requirement already satisfied: sympy>=1.13.3 in d:\users\xuanmo0205\desktop\funasr-command-recognition\funasr_project\.venv-p2tse\lib\site-packages (from torch==2.7.1) (1.14.0)
Collecting cffi>=1.0
  Using cached https://pypi.tuna.tsinghua.edu.cn/packages/8a/26/710688310447531c7a22f857c7f79d9855ec18b03e04494ced723fb37e2f/cffi-2.1.0-cp310-cp310-win_amd64.whl (185 kB)
Requirement already satisfied: tomli>=1 in d:\users\xuanmo0205\desktop\funasr-command-recognition\funasr_project\.venv-p2tse\lib\site-packages (from pytest) (2.4.1)
Requirement already satisfied: pluggy<2,>=1.5 in d:\users\xuanmo0205\desktop\funasr-command-recognition\funasr_project\.venv-p2tse\lib\site-packages (from pytest) (1.6.0)
Requirement already satisfied: colorama>=0.4 in d:\users\xuanmo0205\desktop\funasr-command-recognition\funasr_project\.venv-p2tse\lib\site-packages (from pytest) (0.4.6)
Requirement already satisfied: exceptiongroup>=1 in d:\users\xuanmo0205\desktop\funasr-command-recognition\funasr_project\.venv-p2tse\lib\site-packages (from pytest) (1.3.1)
Requirement already satisfied: packaging>=22 in d:\users\xuanmo0205\desktop\funasr-command-recognition\funasr_project\.venv-p2tse\lib\site-packages (from pytest) (26.2)
Requirement already satisfied: pygments>=2.7.2 in d:\users\xuanmo0205\desktop\funasr-command-recognition\funasr_project\.venv-p2tse\lib\site-packages (from pytest) (2.20.0)
Requirement already satisfied: iniconfig>=1.0.1 in d:\users\xuanmo0205\desktop\funasr-command-recognition\funasr_project\.venv-p2tse\lib\site-packages (from pytest) (2.3.0)
Requirement already satisfied: pycparser in d:\users\xuanmo0205\desktop\funasr-command-recognition\funasr_project\.venv-p2tse\lib\site-packages (from cffi>=1.0->soundfile) (3.0)
Requirement already satisfied: mpmath<1.4,>=1.1.0 in d:\users\xuanmo0205\desktop\funasr-command-recognition\funasr_project\.venv-p2tse\lib\site-packages (from sympy>=1.13.3->torch==2.7.1) (1.3.0)
Requirement already satisfied: MarkupSafe>=2.0 in d:\users\xuanmo0205\desktop\funasr-command-recognition\funasr_project\.venv-p2tse\lib\site-packages (from jinja2->torch==2.7.1) (3.0.3)
Installing collected packages: cffi, torch, soundfile, pytest
Successfully installed cffi-2.1.0 pytest-9.1.1 soundfile-0.14.0 torch-2.7.1
