2026-07-30 13:53:49,943 INFO config=D:\Users\xuanmo0205\Desktop\funasr-command-recognition\funasr_project\configs\p2\tse_overfit_debug.yaml device=cuda seed=20260723
2026-07-30 13:53:49,943 INFO torch=2.7.1+cu126 cuda=True
2026-07-30 13:53:50,280 INFO 固定 batch=8 条（不 shuffle）: ['dbg_S0764_full100', 'dbg_S0764_partial25', 'dbg_S0764_swap50', 'dbg_S0765_full100', 'dbg_S0765_partial25', 'dbg_S0765_swap50', 'dbg_S0766_full100', 'dbg_S0766_partial25']
2026-07-30 13:53:50,345 INFO frame_act 形状=[8, 501] 活动帧占比=0.970
2026-07-30 13:53:50,402 INFO 参数量 1349891
2026-07-30 13:54:30,988 INFO 基线 SI-SDR(mixture)=4.86 dB
2026-07-30 13:54:32,058 INFO step=0 total=-3.0276 si_sdr=4.89 si_sdri=0.02 wav_l1=0.0023 mrstft=1.5151 act_bce=0.6776 res_l1=0.0043 |g|=0.000
2026-07-30 13:54:34,116 INFO step=10 total=-4.5840 si_sdr=6.02 si_sdri=1.15 wav_l1=0.0027 mrstft=1.3549 act_bce=0.1465 res_l1=0.0036 |g|=2.668
2026-07-30 13:54:35,255 INFO step=20 total=-4.8806 si_sdr=6.20 si_sdri=1.33 wav_l1=0.0030 mrstft=1.2468 act_bce=0.1270 res_l1=0.0032 |g|=1.893
2026-07-30 13:54:36,215 INFO step=30 total=-5.2241 si_sdr=6.50 si_sdri=1.63 wav_l1=0.0030 mrstft=1.1981 act_bce=0.1420 res_l1=0.0029 |g|=9.947 (clip)
2026-07-30 13:54:37,100 INFO step=40 total=-5.5149 si_sdr=6.72 si_sdri=1.86 wav_l1=0.0031 mrstft=1.1353 act_bce=0.1315 res_l1=0.0027 |g|=6.781 (clip)
2026-07-30 13:54:38,009 INFO step=50 total=-6.2110 si_sdr=7.41 si_sdri=2.54 wav_l1=0.0030 mrstft=1.1206 act_bce=0.1435 res_l1=0.0026 |g|=13.771 (clip)
2026-07-30 13:54:38,922 INFO step=60 total=-6.7507 si_sdr=7.89 si_sdri=3.03 wav_l1=0.0028 mrstft=1.0723 act_bce=0.1356 res_l1=0.0025 |g|=8.520 (clip)
2026-07-30 13:54:39,993 INFO step=70 total=-6.8553 si_sdr=8.02 si_sdri=3.16 wav_l1=0.0028 mrstft=1.0940 act_bce=0.1372 res_l1=0.0028 |g|=16.343 (clip)
2026-07-30 13:54:40,919 INFO step=80 total=-6.8000 si_sdr=7.93 si_sdri=3.07 wav_l1=0.0029 mrstft=1.0547 act_bce=0.1464 res_l1=0.0024 |g|=18.968 (clip)
2026-07-30 13:54:41,793 INFO step=90 total=-7.8857 si_sdr=8.97 si_sdri=4.10 wav_l1=0.0027 mrstft=1.0146 act_bce=0.1233 res_l1=0.0024 |g|=7.790 (clip)
2026-07-30 13:54:42,750 INFO step=100 total=-8.2110 si_sdr=9.29 si_sdri=4.43 wav_l1=0.0026 mrstft=1.0166 act_bce=0.1147 res_l1=0.0024 |g|=10.760 (clip)
2026-07-30 13:54:43,155 INFO 恢复一致性 max|Δ|=0.000e+00 tol=1e-05 → PASS
2026-07-30 13:54:43,234 INFO 注册对比：正确 SI-SDR=9.29 dB，错误 SI-SDR=5.64 dB，输出差异 mean|Δ|=1.411e-03
2026-07-30 13:54:43,253 INFO 训练耗时 12.3s；建议目标: loss 降 171.2% / SI-SDR 升 4.40 dB；总体判定: PASS
2026-07-30 13:54:43,258 INFO 产物目录: D:\Users\xuanmo0205\Desktop\funasr-command-recognition\funasr_project\artifacts\experiments\DEBUG_OVERFIT_seed20260723
